// Jest Snapshot v1, https://jestjs.io/docs/snapshot-testing

exports[`MathematicalExpressionParser should render correctly should match snapshot 1`] = `
<div>
  <h1
    class="text-2xl font-bold text-gray-700"
  >
    Mathematical Expressions Parser
  </h1>
  <div
    class="flex flex-col sm:flex-row items-center gap-3 sm:gap-4 w-full max-w-xl mx-auto mt-6"
  >
    <input
      class="flex-1 w-full sm:w-auto px-4 py-2 border border-gray-300 rounded-md shadow-sm focus:outline-none focus:ring-2 focus:ring-blue-500 text-black"
      data-testid="input"
      placeholder="Type your mathematical expression"
      type="text"
      value=""
    />
    <button
      class="px-5 py-2 bg-blue-600 text-white rounded-md hover:bg-blue-700 transition w-full sm:w-auto"
      data-testid="parser-button"
    >
      Parse
    </button>
  </div>
</div>
`;
